Copyright 1986-2022 Xilinx, Inc. All Rights Reserved. Copyright 2022-2025 Advanced Micro Devices, Inc. All Rights Reserved.
---------------------------------------------------------------------------------------------------------------------------------------------
| Tool Version : Vivado v.2025.2 (win64) Build 6299465 Fri Nov 14 19:35:11 GMT 2025
| Date         : Tue Jul 14 15:55:20 2026
| Host         : DESKTOP-BB7QGR9 running 64-bit major release  (build 9200)
| Command      : report_control_sets -verbose -file ecg_top_control_sets_placed.rpt
| Design       : ecg_top
| Device       : xc7a35t
---------------------------------------------------------------------------------------------------------------------------------------------

Control Set Information

Table of Contents
-----------------
1. Summary
2. Histogram
3. Flip-Flop Distribution
4. Detailed Control Set Information

1. Summary
----------

+----------------------------------------------------------+-------+
|                          Status                          | Count |
+----------------------------------------------------------+-------+
| Total control sets                                       |   238 |
|    Minimum number of control sets                        |   238 |
|    Addition due to synthesis replication                 |     0 |
|    Addition due to physical synthesis replication        |     0 |
| Unused register locations in slices containing registers |    95 |
+----------------------------------------------------------+-------+
* Control sets can be merged at opt_design using control_set_merge or merge_equivalent_drivers
** Run report_qor_suggestions for automated merging and remapping suggestions


2. Histogram
------------

+--------------------+-------+
|       Fanout       | Count |
+--------------------+-------+
| Total control sets |   238 |
| >= 0 to < 4        |     2 |
| >= 4 to < 6        |     6 |
| >= 6 to < 8        |     1 |
| >= 8 to < 10       |   133 |
| >= 10 to < 12      |     4 |
| >= 12 to < 14      |     1 |
| >= 14 to < 16      |     1 |
| >= 16              |    90 |
+--------------------+-------+
* Control sets can be remapped at either synth_design or opt_design


3. Flip-Flop Distribution
-------------------------

+--------------+-----------------------+------------------------+-----------------+--------------+
| Clock Enable | Synchronous Set/Reset | Asynchronous Set/Reset | Total Registers | Total Slices |
+--------------+-----------------------+------------------------+-----------------+--------------+
| No           | No                    | No                     |              19 |           11 |
| No           | No                    | Yes                    |              28 |           15 |
| No           | Yes                   | No                     |              10 |            7 |
| Yes          | No                    | No                     |            1114 |          450 |
| Yes          | No                    | Yes                    |             543 |          166 |
| Yes          | Yes                   | No                     |            2935 |         1226 |
+--------------+-----------------------+------------------------+-----------------+--------------+


4. Detailed Control Set Information
-----------------------------------

+----------------+-----------------------------------------------------+-----------------------------------+------------------+----------------+--------------+
|  Clock Signal  |                    Enable Signal                    |          Set/Reset Signal         | Slice Load Count | Bel Load Count | Bels / Slice |
+----------------+-----------------------------------------------------+-----------------------------------+------------------+----------------+--------------+
|  clk_IBUF_BUFG | fsm_inst/busy_i_1_n_0                               | gap_inst/rst_n                    |                1 |              1 |         1.00 |
|  clk_IBUF_BUFG | fsm_inst/FSM_onehot_state_reg_n_0_[10]              | gap_inst/rst_n                    |                1 |              3 |         3.00 |
|  clk_IBUF_BUFG | gap_inst/state[3]_i_1_n_0                           | gap_inst/rst_n                    |                4 |              4 |         1.00 |
|  clk_IBUF_BUFG | conv_inst/bias_rd_addr[3]_i_2_n_0                   | conv_inst/bias_rd_addr[3]_i_1_n_0 |                1 |              4 |         4.00 |
|  clk_IBUF_BUFG | conv_inst/bias_ld_cnt[3]_i_1_n_0                    | gap_inst/rst_n                    |                2 |              4 |         2.00 |
|  clk_IBUF_BUFG | conv_inst/fill_cnt[0]                               | gap_inst/rst_n                    |                1 |              4 |         4.00 |
|  clk_IBUF_BUFG | fsm_inst/conv_cfg_ksize[0]_i_1_n_0                  | fsm_inst/conv_cfg_lin[4]_i_1_n_0  |                2 |              4 |         2.00 |
|  clk_IBUF_BUFG | gap_inst/t_cnt[0]_i_1_n_0                           | gap_inst/rst_n                    |                3 |              5 |         1.67 |
|  clk_IBUF_BUFG | gap_inst/enb                                        |                                   |                2 |              6 |         3.00 |
|  clk_IBUF_BUFG | gap_inst/wgt_buf[106][7]_i_1_n_0                    |                                   |                4 |              8 |         2.00 |
|  clk_IBUF_BUFG | gap_inst/wgt_buf[104][7]_i_1_n_0                    |                                   |                2 |              8 |         4.00 |
|  clk_IBUF_BUFG | gap_inst/wgt_buf[108][7]_i_1_n_0                    |                                   |                4 |              8 |         2.00 |
|  clk_IBUF_BUFG | gap_inst/wgt_buf[111][7]_i_1_n_0                    |                                   |                2 |              8 |         4.00 |
|  clk_IBUF_BUFG | gap_inst/wgt_buf[12][7]_i_1_n_0                     |                                   |                4 |              8 |         2.00 |
|  clk_IBUF_BUFG | gap_inst/wgt_buf[13][7]_i_1_n_0                     |                                   |                5 |              8 |         1.60 |
|  clk_IBUF_BUFG | gap_inst/wgt_buf[0][7]_i_1_n_0                      |                                   |                5 |              8 |         1.60 |
|  clk_IBUF_BUFG | gap_inst/wgt_buf[14][7]_i_1_n_0                     |                                   |                4 |              8 |         2.00 |
|  clk_IBUF_BUFG | gap_inst/wgt_buf[123][7]_i_1_n_0                    |                                   |                4 |              8 |         2.00 |
|  clk_IBUF_BUFG | gap_inst/wgt_buf[16][7]_i_1_n_0                     |                                   |                2 |              8 |         4.00 |
|  clk_IBUF_BUFG | gap_inst/wgt_buf[101][7]_i_1_n_0                    |                                   |                2 |              8 |         4.00 |
|  clk_IBUF_BUFG | gap_inst/wgt_buf[118][7]_i_1_n_0                    |                                   |                4 |              8 |         2.00 |
|  clk_IBUF_BUFG | gap_inst/wgt_buf[100][7]_i_1_n_0                    |                                   |                1 |              8 |         8.00 |
|  clk_IBUF_BUFG | gap_inst/wgt_buf[109][7]_i_1_n_0                    |                                   |                1 |              8 |         8.00 |
|  clk_IBUF_BUFG | gap_inst/wgt_buf[103][7]_i_1_n_0                    |                                   |                1 |              8 |         8.00 |
|  clk_IBUF_BUFG | gap_inst/wgt_buf[105][7]_i_1_n_0                    |                                   |                4 |              8 |         2.00 |
|  clk_IBUF_BUFG | gap_inst/wgt_buf[10][7]_i_1_n_0                     |                                   |                3 |              8 |         2.67 |
|  clk_IBUF_BUFG | gap_inst/wgt_buf[110][7]_i_1_n_0                    |                                   |                4 |              8 |         2.00 |
|  clk_IBUF_BUFG | gap_inst/wgt_buf[114][7]_i_1_n_0                    |                                   |                3 |              8 |         2.67 |
|  clk_IBUF_BUFG | gap_inst/wgt_buf[115][7]_i_1_n_0                    |                                   |                4 |              8 |         2.00 |
|  clk_IBUF_BUFG | gap_inst/wgt_buf[40][7]_i_1_n_0                     |                                   |                3 |              8 |         2.67 |
|  clk_IBUF_BUFG | gap_inst/wgt_buf[102][7]_i_1_n_0                    |                                   |                2 |              8 |         4.00 |
|  clk_IBUF_BUFG | gap_inst/wgt_buf[107][7]_i_1_n_0                    |                                   |                3 |              8 |         2.67 |
|  clk_IBUF_BUFG | gap_inst/wgt_buf[117][7]_i_1_n_0                    |                                   |                3 |              8 |         2.67 |
|  clk_IBUF_BUFG | gap_inst/wgt_buf[11][7]_i_1_n_0                     |                                   |                5 |              8 |         1.60 |
|  clk_IBUF_BUFG | gap_inst/wgt_buf[120][7]_i_1_n_0                    |                                   |                4 |              8 |         2.00 |
|  clk_IBUF_BUFG | gap_inst/wgt_buf[121][7]_i_1_n_0                    |                                   |                2 |              8 |         4.00 |
|  clk_IBUF_BUFG | gap_inst/wgt_buf[122][7]_i_1_n_0                    |                                   |                4 |              8 |         2.00 |
|  clk_IBUF_BUFG | gap_inst/wgt_buf[124][7]_i_1_n_0                    |                                   |                3 |              8 |         2.67 |
|  clk_IBUF_BUFG | gap_inst/wgt_buf[125][7]_i_1_n_0                    |                                   |                6 |              8 |         1.33 |
|  clk_IBUF_BUFG | gap_inst/wgt_buf[127][7]_i_1_n_0                    |                                   |                6 |              8 |         1.33 |
|  clk_IBUF_BUFG | gap_inst/wgt_buf[15][7]_i_1_n_0                     |                                   |                3 |              8 |         2.67 |
|  clk_IBUF_BUFG | gap_inst/wgt_buf[112][7]_i_1_n_0                    |                                   |                4 |              8 |         2.00 |
|  clk_IBUF_BUFG | gap_inst/wgt_buf[22][7]_i_1_n_0                     |                                   |                4 |              8 |         2.00 |
|  clk_IBUF_BUFG | gap_inst/wgt_buf[46][7]_i_1_n_0                     |                                   |                6 |              8 |         1.33 |
|  clk_IBUF_BUFG | gap_inst/wgt_buf[35][7]_i_1_n_0                     |                                   |                2 |              8 |         4.00 |
|  clk_IBUF_BUFG | gap_inst/wgt_buf[48][7]_i_1_n_0                     |                                   |                3 |              8 |         2.67 |
|  clk_IBUF_BUFG | gap_inst/wgt_buf[50][7]_i_1_n_0                     |                                   |                3 |              8 |         2.67 |
|  clk_IBUF_BUFG | gap_inst/wgt_buf[51][7]_i_1_n_0                     |                                   |                2 |              8 |         4.00 |
|  clk_IBUF_BUFG | gap_inst/wgt_buf[17][7]_i_1_n_0                     |                                   |                2 |              8 |         4.00 |
|  clk_IBUF_BUFG | gap_inst/wgt_buf[19][7]_i_1_n_0                     |                                   |                3 |              8 |         2.67 |
|  clk_IBUF_BUFG | gap_inst/wgt_buf[1][7]_i_1_n_0                      |                                   |                4 |              8 |         2.00 |
|  clk_IBUF_BUFG | gap_inst/wgt_buf[21][7]_i_1_n_0                     |                                   |                2 |              8 |         4.00 |
|  clk_IBUF_BUFG | gap_inst/wgt_buf[26][7]_i_1_n_0                     |                                   |                2 |              8 |         4.00 |
|  clk_IBUF_BUFG | gap_inst/wgt_buf[28][7]_i_1_n_0                     |                                   |                2 |              8 |         4.00 |
|  clk_IBUF_BUFG | gap_inst/wgt_buf[30][7]_i_1_n_0                     |                                   |                3 |              8 |         2.67 |
|  clk_IBUF_BUFG | gap_inst/wgt_buf[36][7]_i_1_n_0                     |                                   |                3 |              8 |         2.67 |
|  clk_IBUF_BUFG | gap_inst/wgt_buf[2][7]_i_1_n_0                      |                                   |                4 |              8 |         2.00 |
|  clk_IBUF_BUFG | gap_inst/wgt_buf[18][7]_i_1_n_0                     |                                   |                3 |              8 |         2.67 |
|  clk_IBUF_BUFG | gap_inst/wgt_buf[61][7]_i_1_n_0                     |                                   |                2 |              8 |         4.00 |
|  clk_IBUF_BUFG | gap_inst/wgt_buf[41][7]_i_1_n_0                     |                                   |                3 |              8 |         2.67 |
|  clk_IBUF_BUFG | gap_inst/wgt_buf[45][7]_i_1_n_0                     |                                   |                5 |              8 |         1.60 |
|  clk_IBUF_BUFG | gap_inst/wgt_buf[43][7]_i_1_n_0                     |                                   |                3 |              8 |         2.67 |
|  clk_IBUF_BUFG | gap_inst/wgt_buf[49][7]_i_1_n_0                     |                                   |                3 |              8 |         2.67 |
|  clk_IBUF_BUFG | gap_inst/wgt_buf[52][7]_i_1_n_0                     |                                   |                2 |              8 |         4.00 |
|  clk_IBUF_BUFG | gap_inst/wgt_buf[53][7]_i_1_n_0                     |                                   |                1 |              8 |         8.00 |
|  clk_IBUF_BUFG | gap_inst/wgt_buf[54][7]_i_1_n_0                     |                                   |                2 |              8 |         4.00 |
|  clk_IBUF_BUFG | gap_inst/wgt_buf[39][7]_i_1_n_0                     |                                   |                3 |              8 |         2.67 |
|  clk_IBUF_BUFG | gap_inst/wgt_buf[31][7]_i_1_n_0                     |                                   |                4 |              8 |         2.00 |
|  clk_IBUF_BUFG | gap_inst/wgt_buf[29][7]_i_1_n_0                     |                                   |                4 |              8 |         2.00 |
|  clk_IBUF_BUFG | gap_inst/wgt_buf[25][7]_i_1_n_0                     |                                   |                2 |              8 |         4.00 |
|  clk_IBUF_BUFG | gap_inst/wgt_buf[33][7]_i_1_n_0                     |                                   |                2 |              8 |         4.00 |
|  clk_IBUF_BUFG | gap_inst/wgt_buf[34][7]_i_1_n_0                     |                                   |                2 |              8 |         4.00 |
|  clk_IBUF_BUFG | gap_inst/wgt_buf[23][7]_i_1_n_0                     |                                   |                2 |              8 |         4.00 |
|  clk_IBUF_BUFG | gap_inst/wgt_buf[24][7]_i_1_n_0                     |                                   |                2 |              8 |         4.00 |
|  clk_IBUF_BUFG | gap_inst/wgt_buf[20][7]_i_1_n_0                     |                                   |                5 |              8 |         1.60 |
|  clk_IBUF_BUFG | gap_inst/wgt_buf[27][7]_i_1_n_0                     |                                   |                2 |              8 |         4.00 |
|  clk_IBUF_BUFG | gap_inst/wgt_buf[32][7]_i_1_n_0                     |                                   |                1 |              8 |         8.00 |
|  clk_IBUF_BUFG | gap_inst/wgt_buf[37][7]_i_1_n_0                     |                                   |                2 |              8 |         4.00 |
|  clk_IBUF_BUFG | gap_inst/wgt_buf[38][7]_i_1_n_0                     |                                   |                2 |              8 |         4.00 |
|  clk_IBUF_BUFG | gap_inst/wgt_buf[3][7]_i_1_n_0                      |                                   |                5 |              8 |         1.60 |
|  clk_IBUF_BUFG | gap_inst/wgt_buf[42][7]_i_1_n_0                     |                                   |                5 |              8 |         1.60 |
|  clk_IBUF_BUFG | gap_inst/wgt_buf[44][7]_i_1_n_0                     |                                   |                3 |              8 |         2.67 |
|  clk_IBUF_BUFG | gap_inst/wgt_buf[47][7]_i_1_n_0                     |                                   |                4 |              8 |         2.00 |
|  clk_IBUF_BUFG | gap_inst/wgt_buf[4][7]_i_1_n_0                      |                                   |                5 |              8 |         1.60 |
|  clk_IBUF_BUFG | gap_inst/wgt_buf[78][7]_i_1_n_0                     |                                   |                6 |              8 |         1.33 |
|  clk_IBUF_BUFG | gap_inst/wgt_buf[77][7]_i_1_n_0                     |                                   |                5 |              8 |         1.60 |
|  clk_IBUF_BUFG | gap_inst/wgt_buf[55][7]_i_1_n_0                     |                                   |                3 |              8 |         2.67 |
|  clk_IBUF_BUFG | gap_inst/wgt_buf[65][7]_i_1_n_0                     |                                   |                1 |              8 |         8.00 |
|  clk_IBUF_BUFG | gap_inst/wgt_buf[68][7]_i_1_n_0                     |                                   |                1 |              8 |         8.00 |
|  clk_IBUF_BUFG | gap_inst/wgt_buf[57][7]_i_1_n_0                     |                                   |                2 |              8 |         4.00 |
|  clk_IBUF_BUFG | gap_inst/wgt_buf[5][7]_i_1_n_0                      |                                   |                2 |              8 |         4.00 |
|  clk_IBUF_BUFG | gap_inst/wgt_buf[59][7]_i_1_n_0                     |                                   |                2 |              8 |         4.00 |
|  clk_IBUF_BUFG | gap_inst/wgt_buf[56][7]_i_1_n_0                     |                                   |                3 |              8 |         2.67 |
|  clk_IBUF_BUFG | gap_inst/wgt_buf[87][7]_i_1_n_0                     |                                   |                3 |              8 |         2.67 |
|  clk_IBUF_BUFG | gap_inst/wgt_buf[86][7]_i_1_n_0                     |                                   |                3 |              8 |         2.67 |
|  clk_IBUF_BUFG | gap_inst/wgt_buf[85][7]_i_1_n_0                     |                                   |                4 |              8 |         2.00 |
|  clk_IBUF_BUFG | gap_inst/wgt_buf[84][7]_i_1_n_0                     |                                   |                3 |              8 |         2.67 |
|  clk_IBUF_BUFG | gap_inst/wgt_buf[83][7]_i_1_n_0                     |                                   |                2 |              8 |         4.00 |
|  clk_IBUF_BUFG | gap_inst/wgt_buf[7][7]_i_1_n_0                      |                                   |                5 |              8 |         1.60 |
|  clk_IBUF_BUFG | gap_inst/wgt_buf[70][7]_i_1_n_0                     |                                   |                3 |              8 |         2.67 |
|  clk_IBUF_BUFG | gap_inst/wgt_buf[82][7]_i_1_n_0                     |                                   |                3 |              8 |         2.67 |
|  clk_IBUF_BUFG | gap_inst/wgt_buf[75][7]_i_1_n_0                     |                                   |                5 |              8 |         1.60 |
|  clk_IBUF_BUFG | gap_inst/wgt_buf[71][7]_i_1_n_0                     |                                   |                2 |              8 |         4.00 |
|  clk_IBUF_BUFG | gap_inst/wgt_buf[80][7]_i_1_n_0                     |                                   |                2 |              8 |         4.00 |
|  clk_IBUF_BUFG | gap_inst/wgt_buf[79][7]_i_1_n_0                     |                                   |                4 |              8 |         2.00 |
|  clk_IBUF_BUFG | gap_inst/wgt_buf[76][7]_i_1_n_0                     |                                   |                4 |              8 |         2.00 |
|  clk_IBUF_BUFG | gap_inst/wgt_buf[58][7]_i_1_n_0                     |                                   |                3 |              8 |         2.67 |
|  clk_IBUF_BUFG | gap_inst/wgt_buf[73][7]_i_1_n_0                     |                                   |                3 |              8 |         2.67 |
|  clk_IBUF_BUFG | gap_inst/wgt_buf[72][7]_i_1_n_0                     |                                   |                7 |              8 |         1.14 |
|  clk_IBUF_BUFG | gap_inst/wgt_buf[6][7]_i_1_n_0                      |                                   |                3 |              8 |         2.67 |
|  clk_IBUF_BUFG | gap_inst/wgt_buf[63][7]_i_1_n_0                     |                                   |                6 |              8 |         1.33 |
|  clk_IBUF_BUFG | gap_inst/wgt_buf[60][7]_i_1_n_0                     |                                   |                3 |              8 |         2.67 |
|  clk_IBUF_BUFG | gap_inst/wgt_buf[67][7]_i_1_n_0                     |                                   |                5 |              8 |         1.60 |
|  clk_IBUF_BUFG | gap_inst/wgt_buf[62][7]_i_1_n_0                     |                                   |                3 |              8 |         2.67 |
|  clk_IBUF_BUFG | gap_inst/wgt_buf[74][7]_i_1_n_0                     |                                   |                3 |              8 |         2.67 |
|  clk_IBUF_BUFG | gap_inst/wgt_buf[64][7]_i_1_n_0                     |                                   |                4 |              8 |         2.00 |
|  clk_IBUF_BUFG | gap_inst/wgt_buf[69][7]_i_1_n_0                     |                                   |                1 |              8 |         8.00 |
|  clk_IBUF_BUFG | gap_inst/wgt_buf[66][7]_i_1_n_0                     |                                   |                2 |              8 |         4.00 |
|  clk_IBUF_BUFG | gap_inst/wgt_buf[9][7]_i_1_n_0                      |                                   |                5 |              8 |         1.60 |
|  clk_IBUF_BUFG | gap_inst/wgt_buf[97][7]_i_1_n_0                     |                                   |                3 |              8 |         2.67 |
|  clk_IBUF_BUFG | gap_inst/wgt_buf[88][7]_i_1_n_0                     |                                   |                2 |              8 |         4.00 |
|  clk_IBUF_BUFG | gap_inst/wgt_buf[98][7]_i_1_n_0                     |                                   |                4 |              8 |         2.00 |
|  clk_IBUF_BUFG | gap_inst/wgt_buf[8][7]_i_1_n_0                      |                                   |                5 |              8 |         1.60 |
|  clk_IBUF_BUFG | gap_inst/wgt_buf[95][7]_i_1_n_0                     |                                   |                4 |              8 |         2.00 |
|  clk_IBUF_BUFG | gap_inst/wgt_buf[99][7]_i_1_n_0                     |                                   |                4 |              8 |         2.00 |
|  clk_IBUF_BUFG | gap_inst/wgt_buf[89][7]_i_1_n_0                     |                                   |                2 |              8 |         4.00 |
|  clk_IBUF_BUFG | gap_inst/wgt_buf[93][7]_i_1_n_0                     |                                   |                4 |              8 |         2.00 |
|  clk_IBUF_BUFG | gap_inst/wgt_buf[90][7]_i_1_n_0                     |                                   |                4 |              8 |         2.00 |
|  clk_IBUF_BUFG | gap_inst/wgt_buf[92][7]_i_1_n_0                     |                                   |                3 |              8 |         2.67 |
|  clk_IBUF_BUFG | gap_inst/wgt_buf[91][7]_i_1_n_0                     |                                   |                5 |              8 |         1.60 |
|  clk_IBUF_BUFG | gap_inst/wgt_buf[94][7]_i_1_n_0                     |                                   |                7 |              8 |         1.14 |
|  clk_IBUF_BUFG | conv_inst/cin_cnt[7]_i_1_n_0                        | gap_inst/rst_n                    |                3 |              8 |         2.67 |
|  clk_IBUF_BUFG | conv_inst/FSM_onehot_state[7]_i_1_n_0               | gap_inst/rst_n                    |                3 |              8 |         2.67 |
|  clk_IBUF_BUFG | gap_inst/wgt_buf[119][7]_i_1_n_0                    |                                   |                3 |              8 |         2.67 |
|  clk_IBUF_BUFG | gap_inst/wgt_buf[96][7]_i_1_n_0                     |                                   |                4 |              8 |         2.00 |
|  clk_IBUF_BUFG | conv_inst/mac_wgt[7]_i_1_n_0                        |                                   |                2 |              8 |         4.00 |
|  clk_IBUF_BUFG | gap_inst/wgt_buf[81][7]_i_1_n_0                     |                                   |                4 |              8 |         2.00 |
|  clk_IBUF_BUFG | gap_inst/wgt_buf[113][7]_i_1_n_0                    |                                   |                6 |              8 |         1.33 |
|  clk_IBUF_BUFG | gap_inst/wgt_buf[116][7]_i_1_n_0                    |                                   |                2 |              8 |         4.00 |
|  clk_IBUF_BUFG | gap_inst/wgt_buf[126][7]_i_1_n_0                    |                                   |                4 |              8 |         2.00 |
|  clk_IBUF_BUFG | gap_inst/wld_cnt[8]_i_1_n_0                         | gap_inst/rst_n                    |                4 |              9 |         2.25 |
|  clk_IBUF_BUFG | gap_inst/fc_wgt_addr[8]_i_1_n_0                     |                                   |                2 |              9 |         4.50 |
|  clk_IBUF_BUFG | gap_inst/CEC                                        | gap_inst/rst_n                    |                6 |             10 |         1.67 |
|  clk_IBUF_BUFG | fsm_inst/conv_cfg_ksize[0]_i_1_n_0                  |                                   |                3 |             10 |         3.33 |
|  clk_IBUF_BUFG | fsm_inst/FSM_onehot_state[10]_i_1_n_0               | gap_inst/rst_n                    |                4 |             11 |         2.75 |
|  clk_IBUF_BUFG | conv_inst/mac_inst/E[0]                             |                                   |                6 |             11 |         1.83 |
|  clk_IBUF_BUFG | gap_inst/act_rd_addr[11]_i_1_n_0                    |                                   |                4 |             12 |         3.00 |
|  clk_IBUF_BUFG | conv_inst/act_rd_addr[14]_i_1_n_0                   |                                   |                4 |             15 |         3.75 |
|  clk_IBUF_BUFG | conv_inst/mac_bias[79]_i_1_n_0                      | gap_inst/rst_n                    |                6 |             16 |         2.67 |
|  clk_IBUF_BUFG | conv_inst/mac_bias[95]_i_1_n_0                      | gap_inst/rst_n                    |                6 |             16 |         2.67 |
|  clk_IBUF_BUFG | conv_inst/mac_bias[111]_i_1_n_0                     | gap_inst/rst_n                    |                5 |             16 |         3.20 |
|  clk_IBUF_BUFG | conv_inst/mac_bias[15]_i_1_n_0                      | gap_inst/rst_n                    |                6 |             16 |         2.67 |
|  clk_IBUF_BUFG | conv_inst/mac_bias[63]_i_1_n_0                      | gap_inst/rst_n                    |                5 |             16 |         3.20 |
|  clk_IBUF_BUFG | conv_inst/mac_bias[31]_i_1_n_0                      | gap_inst/rst_n                    |                7 |             16 |         2.29 |
|  clk_IBUF_BUFG | conv_inst/mac_bias[127]_i_1_n_0                     | gap_inst/rst_n                    |                5 |             16 |         3.20 |
|  clk_IBUF_BUFG | conv_inst/mac_bias[47]_i_1_n_0                      | gap_inst/rst_n                    |                7 |             16 |         2.29 |
|  clk_IBUF_BUFG | gap_inst/ch_cnt[5]_i_1_n_0                          | gap_inst/rst_n                    |                7 |             19 |         2.71 |
|  clk_IBUF_BUFG |                                                     |                                   |               11 |             19 |         1.73 |
|  clk_IBUF_BUFG | conv_inst/lb_data_in[7]_i_1_n_0                     |                                   |                6 |             19 |         3.17 |
|  clk_IBUF_BUFG | gap_inst/gap_acc[37][31]_i_1_n_0                    | gap_inst/rst_n                    |               14 |             32 |         2.29 |
|  clk_IBUF_BUFG | gap_inst/gap_acc[29][31]_i_1_n_0                    | gap_inst/rst_n                    |               15 |             32 |         2.13 |
|  clk_IBUF_BUFG | gap_inst/gap_acc[58][31]_i_1_n_0                    | gap_inst/rst_n                    |               16 |             32 |         2.00 |
|  clk_IBUF_BUFG | gap_inst/gap_acc[55][31]_i_1_n_0                    | gap_inst/rst_n                    |               12 |             32 |         2.67 |
|  clk_IBUF_BUFG | gap_inst/gap_acc[50][31]_i_1_n_0                    | gap_inst/rst_n                    |               18 |             32 |         1.78 |
|  clk_IBUF_BUFG | gap_inst/gap_acc[48][31]_i_1_n_0                    | gap_inst/rst_n                    |               19 |             32 |         1.68 |
|  clk_IBUF_BUFG | gap_inst/gap_acc[46][31]_i_1_n_0                    | gap_inst/rst_n                    |               15 |             32 |         2.13 |
|  clk_IBUF_BUFG | gap_inst/gap_acc[45][31]_i_1_n_0                    | gap_inst/rst_n                    |               13 |             32 |         2.46 |
|  clk_IBUF_BUFG | gap_inst/gap_acc[26][31]_i_1_n_0                    | gap_inst/rst_n                    |               14 |             32 |         2.29 |
|  clk_IBUF_BUFG | gap_inst/gap_acc[23][31]_i_1_n_0                    | gap_inst/rst_n                    |               15 |             32 |         2.13 |
|  clk_IBUF_BUFG | gap_inst/gap_acc[22][31]_i_1_n_0                    | gap_inst/rst_n                    |               13 |             32 |         2.46 |
|  clk_IBUF_BUFG | gap_inst/gap_acc[20][31]_i_1_n_0                    | gap_inst/rst_n                    |               12 |             32 |         2.67 |
|  clk_IBUF_BUFG | gap_inst/gap_acc[21][31]_i_1_n_0                    | gap_inst/rst_n                    |               18 |             32 |         1.78 |
|  clk_IBUF_BUFG | gap_inst/gap_acc[28][31]_i_1_n_0                    | gap_inst/rst_n                    |               17 |             32 |         1.88 |
|  clk_IBUF_BUFG | gap_inst/gap_acc[27][31]_i_1_n_0                    | gap_inst/rst_n                    |               16 |             32 |         2.00 |
|  clk_IBUF_BUFG | gap_inst/gap_acc[25][31]_i_1_n_0                    | gap_inst/rst_n                    |               16 |             32 |         2.00 |
|  clk_IBUF_BUFG | gap_inst/gap_acc[1][31]_i_1_n_0                     | gap_inst/rst_n                    |               14 |             32 |         2.29 |
|  clk_IBUF_BUFG | gap_inst/logit[3][31]_i_1_n_0                       | gap_inst/rst_n                    |               11 |             32 |         2.91 |
|  clk_IBUF_BUFG | gap_inst/logit[2][31]_i_1_n_0                       | gap_inst/rst_n                    |               12 |             32 |         2.67 |
|  clk_IBUF_BUFG | gap_inst/logit[4][31]_i_1_n_0                       | gap_inst/rst_n                    |                9 |             32 |         3.56 |
|  clk_IBUF_BUFG | gap_inst/logit[1][31]_i_1_n_0                       | gap_inst/rst_n                    |               10 |             32 |         3.20 |
|  clk_IBUF_BUFG | gap_inst/logit[0][31]_i_1_n_0                       | gap_inst/rst_n                    |                8 |             32 |         4.00 |
|  clk_IBUF_BUFG | gap_inst/gap_acc[62][31]_i_1_n_0                    | gap_inst/rst_n                    |               17 |             32 |         1.88 |
|  clk_IBUF_BUFG | gap_inst/gap_acc[63][31]_i_1_n_0                    | gap_inst/rst_n                    |               14 |             32 |         2.29 |
|  clk_IBUF_BUFG | gap_inst/gap_acc[33][31]_i_1_n_0                    | gap_inst/rst_n                    |               15 |             32 |         2.13 |
|  clk_IBUF_BUFG | gap_inst/gap_acc[6][31]_i_1_n_0                     | gap_inst/rst_n                    |               13 |             32 |         2.46 |
|  clk_IBUF_BUFG | gap_inst/gap_acc[54][31]_i_1_n_0                    | gap_inst/rst_n                    |               14 |             32 |         2.29 |
|  clk_IBUF_BUFG | gap_inst/gap_acc[3][31]_i_1_n_0                     | gap_inst/rst_n                    |               15 |             32 |         2.13 |
|  clk_IBUF_BUFG | gap_inst/gap_acc[31][31]_i_1_n_0                    | gap_inst/rst_n                    |               19 |             32 |         1.68 |
|  clk_IBUF_BUFG | gap_inst/gap_acc[41][31]_i_1_n_0                    | gap_inst/rst_n                    |               12 |             32 |         2.67 |
|  clk_IBUF_BUFG | gap_inst/gap_acc[39][31]_i_1_n_0                    | gap_inst/rst_n                    |               12 |             32 |         2.67 |
|  clk_IBUF_BUFG | gap_inst/gap_acc[47][31]_i_1_n_0                    | gap_inst/rst_n                    |               17 |             32 |         1.88 |
|  clk_IBUF_BUFG | gap_inst/gap_acc[49][31]_i_1_n_0                    | gap_inst/rst_n                    |               14 |             32 |         2.29 |
|  clk_IBUF_BUFG | gap_inst/gap_acc[34][31]_i_1_n_0                    | gap_inst/rst_n                    |               20 |             32 |         1.60 |
|  clk_IBUF_BUFG | gap_inst/gap_acc[36][31]_i_1_n_0                    | gap_inst/rst_n                    |               15 |             32 |         2.13 |
|  clk_IBUF_BUFG | gap_inst/fc_acc[1][31]_i_1_n_0                      | gap_inst/rst_n                    |               10 |             32 |         3.20 |
|  clk_IBUF_BUFG | gap_inst/gap_acc[35][31]_i_1_n_0                    | gap_inst/rst_n                    |               15 |             32 |         2.13 |
|  clk_IBUF_BUFG | gap_inst/gap_acc[53][31]_i_1_n_0                    | gap_inst/rst_n                    |               14 |             32 |         2.29 |
|  clk_IBUF_BUFG | gap_inst/gap_acc[56][31]_i_1_n_0                    | gap_inst/rst_n                    |               11 |             32 |         2.91 |
|  clk_IBUF_BUFG | gap_inst/fc_acc[0][31]_i_1_n_0                      | gap_inst/rst_n                    |               12 |             32 |         2.67 |
|  clk_IBUF_BUFG | gap_inst/gap_acc[42][31]_i_1_n_0                    | gap_inst/rst_n                    |               13 |             32 |         2.46 |
|  clk_IBUF_BUFG | gap_inst/gap_acc[32][31]_i_1_n_0                    | gap_inst/rst_n                    |               16 |             32 |         2.00 |
|  clk_IBUF_BUFG | gap_inst/gap_acc[43][31]_i_1_n_0                    | gap_inst/rst_n                    |               16 |             32 |         2.00 |
|  clk_IBUF_BUFG | gap_inst/gap_acc[8][31]_i_1_n_0                     | gap_inst/rst_n                    |               18 |             32 |         1.78 |
|  clk_IBUF_BUFG | gap_inst/gap_acc[7][31]_i_1_n_0                     | gap_inst/rst_n                    |               14 |             32 |         2.29 |
|  clk_IBUF_BUFG | gap_inst/gap_acc[9][31]_i_1_n_0                     | gap_inst/rst_n                    |               17 |             32 |         1.88 |
|  clk_IBUF_BUFG | gap_inst/gap_acc[24][31]_i_1_n_0                    | gap_inst/rst_n                    |               13 |             32 |         2.46 |
|  clk_IBUF_BUFG | gap_inst/gap_acc[2][31]_i_1_n_0                     | gap_inst/rst_n                    |               13 |             32 |         2.46 |
|  clk_IBUF_BUFG | gap_inst/gap_acc[60][31]_i_1_n_0                    | gap_inst/rst_n                    |               15 |             32 |         2.13 |
|  clk_IBUF_BUFG | gap_inst/gap_acc[5][31]_i_1_n_0                     | gap_inst/rst_n                    |               15 |             32 |         2.13 |
|  clk_IBUF_BUFG | gap_inst/gap_acc[59][31]_i_1_n_0                    | gap_inst/rst_n                    |               17 |             32 |         1.88 |
|  clk_IBUF_BUFG | gap_inst/gap_acc[57][31]_i_1_n_0                    | gap_inst/rst_n                    |               17 |             32 |         1.88 |
|  clk_IBUF_BUFG | gap_inst/gap_acc[61][31]_i_1_n_0                    | gap_inst/rst_n                    |               12 |             32 |         2.67 |
|  clk_IBUF_BUFG | gap_inst/gap_acc[52][31]_i_1_n_0                    | gap_inst/rst_n                    |               13 |             32 |         2.46 |
|  clk_IBUF_BUFG | gap_inst/gap_acc[44][31]_i_1_n_0                    | gap_inst/rst_n                    |               16 |             32 |         2.00 |
|  clk_IBUF_BUFG | gap_inst/gap_acc[38][31]_i_1_n_0                    | gap_inst/rst_n                    |               20 |             32 |         1.60 |
|  clk_IBUF_BUFG | gap_inst/gap_acc[30][31]_i_1_n_0                    | gap_inst/rst_n                    |               18 |             32 |         1.78 |
|  clk_IBUF_BUFG | gap_inst/gap_acc[51][31]_i_1_n_0                    | gap_inst/rst_n                    |               16 |             32 |         2.00 |
|  clk_IBUF_BUFG | gap_inst/gap_acc[4][31]_i_1_n_0                     | gap_inst/rst_n                    |               15 |             32 |         2.13 |
|  clk_IBUF_BUFG | gap_inst/fc_acc[3][31]_i_1_n_0                      | gap_inst/rst_n                    |               12 |             32 |         2.67 |
|  clk_IBUF_BUFG | gap_inst/fc_acc[2][31]_i_1_n_0                      | gap_inst/rst_n                    |               10 |             32 |         3.20 |
|  clk_IBUF_BUFG | gap_inst/fc_acc[4][31]_i_1_n_0                      | gap_inst/rst_n                    |                9 |             32 |         3.56 |
|  clk_IBUF_BUFG | gap_inst/gap_acc[13][31]_i_1_n_0                    | gap_inst/rst_n                    |               21 |             32 |         1.52 |
|  clk_IBUF_BUFG | gap_inst/gap_acc[17][31]_i_1_n_0                    | gap_inst/rst_n                    |               17 |             32 |         1.88 |
|  clk_IBUF_BUFG | gap_inst/gap_acc[40][31]_i_1_n_0                    | gap_inst/rst_n                    |               12 |             32 |         2.67 |
|  clk_IBUF_BUFG | gap_inst/gap_acc[10][31]_i_1_n_0                    | gap_inst/rst_n                    |               18 |             32 |         1.78 |
|  clk_IBUF_BUFG | gap_inst/gap_acc[16][31]_i_1_n_0                    | gap_inst/rst_n                    |               14 |             32 |         2.29 |
|  clk_IBUF_BUFG | gap_inst/gap_acc[18][31]_i_1_n_0                    | gap_inst/rst_n                    |               18 |             32 |         1.78 |
|  clk_IBUF_BUFG | gap_inst/gap_acc[11][31]_i_1_n_0                    | gap_inst/rst_n                    |               18 |             32 |         1.78 |
|  clk_IBUF_BUFG | gap_inst/gap_acc[12][31]_i_1_n_0                    | gap_inst/rst_n                    |               17 |             32 |         1.88 |
|  clk_IBUF_BUFG | gap_inst/gap_acc[14][31]_i_1_n_0                    | gap_inst/rst_n                    |               14 |             32 |         2.29 |
|  clk_IBUF_BUFG | gap_inst/gap_acc[15][31]_i_1_n_0                    | gap_inst/rst_n                    |               18 |             32 |         1.78 |
|  clk_IBUF_BUFG | gap_inst/gap_acc[0][31]_i_1_n_0                     | gap_inst/rst_n                    |               18 |             32 |         1.78 |
|  clk_IBUF_BUFG | gap_inst/gap_acc[19][31]_i_1_n_0                    | gap_inst/rst_n                    |               20 |             32 |         1.60 |
|  clk_IBUF_BUFG |                                                     | gap_inst/rst_n                    |               22 |             38 |         1.73 |
|  clk_IBUF_BUFG | conv_inst/lb_inst/sr[0]                             | gap_inst/rst_n                    |               12 |             56 |         4.67 |
|  clk_IBUF_BUFG | conv_inst/mac_inst/out_valid_pipe                   | gap_inst/rst_n                    |               12 |             64 |         5.33 |
|  clk_IBUF_BUFG | conv_inst/mac_inst/acc_update[0].acc[0][31]_i_1_n_0 | gap_inst/rst_n                    |               80 |            256 |         3.20 |
|  clk_IBUF_BUFG | gap_inst/gap_out[0][7]_i_1_n_0                      | gap_inst/rst_n                    |              103 |            512 |         4.97 |
+----------------+-----------------------------------------------------+-----------------------------------+------------------+----------------+--------------+


